pi@raspberrypi:~/Desktop/Repositories $ git clone https://github.com/Shadowb170/Python_Graph.git
Cloning into 'Python_Graph'...
remote: Enumerating objects: 47, done.
remote: Counting objects: 100% (47/47), done.
remote: Compressing objects: 100% (35/35), done.
remote: Total 47 (delta 12), reused 29 (delta 6), pack-reused 0
Unpacking objects: 100% (47/47), done.
pi@raspberrypi:~/Desktop/Repositories $ git status
fatal: Not a git repository (or any of the parent directories): .git
pi@raspberrypi:~/Desktop/Repositories $ ls
practice  practice2  Python_Graph
pi@raspberrypi:~/Desktop/Repositories $ cd Python_Graph/
pi@raspberrypi:~/Desktop/Repositories/Python_Graph $ ls
proposition.jpg  python graph  Python_Graph  README.md
pi@raspberrypi:~/Desktop/Repositories/Python_Graph $ touch helloworld.txt
pi@raspberrypi:~/Desktop/Repositories/Python_Graph $ echo (date) helloworld > helloworld.txt
bash: syntax error near unexpected token `date'
pi@raspberrypi:~/Desktop/Repositories/Python_Graph $ echo 'date' helloworld > helloworld.txt
pi@raspberrypi:~/Desktop/Repositories/Python_Graph $ cat helloworld.txt
date helloworld
pi@raspberrypi:~/Desktop/Repositories/Python_Graph $ echo `date` helloworld > helloworld.txt
pi@raspberrypi:~/Desktop/Repositories/Python_Graph $ cat helloworld.txtWed Mar 27 11:09:23 PDT 2019 helloworld
pi@raspberrypi:~/Desktop/Repositories/Python_Graph $ git status
On branch master
Your branch is up-to-date with 'origin/master'.
Untracked files:
  (use "git add <file>..." to include in what will be committed)

	helloworld.txt

nothing added to commit but untracked files present (use "git add" to track)
pi@raspberrypi:~/Desktop/Repositories/Python_Graph $ git add helloworld.txt
pi@raspberrypi:~/Desktop/Repositories/Python_Graph $ git status
On branch master
Your branch is up-to-date with 'origin/master'.
Changes to be committed:
  (use "git reset HEAD <file>..." to unstage)

	new file:   helloworld.txt

pi@raspberrypi:~/Desktop/Repositories/Python_Graph $ git commit -m "commited helloworld"
[master 8614da2] commited helloworld
 1 file changed, 1 insertion(+)
 create mode 100644 helloworld.txt
pi@raspberrypi:~/Desktop/Repositories/Python_Graph $ git push
Username for 'https://github.com': Shadowb170
Password for 'https://Shadowb170@github.com': 
Counting objects: 3, done.
Delta compression using up to 4 threads.
Compressing objects: 100% (2/2), done.
Writing objects: 100% (3/3), 312 bytes | 0 bytes/s, done.
Total 3 (delta 1), reused 0 (delta 0)
remote: Resolving deltas: 100% (1/1), completed with 1 local object.
To https://github.com/Shadowb170/Python_Graph.git
   9cd3e1f..8614da2  master -> master
